/data/users/zhouyike/dexCG/.venv/lib/python3.11/site-packages/sapien/core/renderer_config.py:4: UserWarning: pkg_resources is deprecated as an API. See https://setuptools.pypa.io/en/latest/pkg_resources.html. The pkg_resources package is slated for removal as early as 2025-11-30. Refrain from using this package or pin to Setuptools<81.
  import pkg_resources
Gym has been unmaintained since 2022 and does not support NumPy 2.0 amongst other critical functionality.
Please upgrade to Gymnasium, the maintained drop-in replacement of Gym, or contact the authors of your software and request that they upgrade.
See the migration guide at https://gymnasium.farama.org/introduction/migration_guide/ for additional information.
/data/users/zhouyike/dexCG/third_party/dexart/stable_baselines3/common/save_util.py:166: UserWarning: Could not deserialize object lr_schedule. Consider using `custom_objects` argument to replace this object.
  warnings.warn(
/data/users/zhouyike/dexCG/third_party/dexart/stable_baselines3/common/save_util.py:166: UserWarning: Could not deserialize object clip_range. Consider using `custom_objects` argument to replace this object.
  warnings.warn(
[FaucetEnv] change_instance_when_reset=True
Wrapping the env with a `Monitor` wrapper
Wrapping the env in a DummyVecEnv.
extractor use state = True
PointNetSmall
ACCEPT faucet total=1/250 object=148 count=1/22 attempt=1
[2026-09-16 11:23:22.509] [svulkan2] [warning] A second renderer will share the same internal context with the first one. Arguments passed to constructor will be ignored.
[2026-09-16 11:23:25.719] [svulkan2] [warning] A second renderer will share the same internal context with the first one. Arguments passed to constructor will be ignored.
[2026-09-16 11:23:26.622] [svulkan2] [warning] A second renderer will share the same internal context with the first one. Arguments passed to constructor will be ignored.
[2026-09-16 11:23:27.912] [svulkan2] [warning] A second renderer will share the same internal context with the first one. Arguments passed to constructor will be ignored.
[2026-09-16 11:23:29.268] [svulkan2] [warning] A second renderer will share the same internal context with the first one. Arguments passed to constructor will be ignored.
[2026-09-16 11:23:30.133] [svulkan2] [warning] A second renderer will share the same internal context with the first one. Arguments passed to constructor will be ignored.
[2026-09-16 11:23:30.998] [svulkan2] [warning] A second renderer will share the same internal context with the first one. Arguments passed to constructor will be ignored.
[2026-09-16 11:23:33.927] [svulkan2] [warning] A second renderer will share the same internal context with the first one. Arguments passed to constructor will be ignored.
[2026-09-16 11:23:34.285] [svulkan2] [warning] A second renderer will share the same internal context with the first one. Arguments passed to constructor will be ignored.
[2026-09-16 11:23:36.001] [svulkan2] [warning] A second renderer will share the same internal context with the first one. Arguments passed to constructor will be ignored.
[FaucetEnv] change_instance_when_reset=True
[FaucetEnv] change_instance_when_reset=True
[FaucetEnv] change_instance_when_reset=True
[FaucetEnv] change_instance_when_reset=True
[FaucetEnv] change_instance_when_reset=True
[FaucetEnv] change_instance_when_reset=True
[FaucetEnv] change_instance_when_reset=True
[FaucetEnv] change_instance_when_reset=True
[FaucetEnv] change_instance_when_reset=True
[FaucetEnv] change_instance_when_reset=True
sys:1: DeprecationWarning: Call to deprecated function (or staticmethod) _destroy.
