/data/users/zhouyike/dexCG/.venv/lib/python3.11/site-packages/sapien/core/renderer_config.py:4: UserWarning: pkg_resources is deprecated as an API. See https://setuptools.pypa.io/en/latest/pkg_resources.html. The pkg_resources package is slated for removal as early as 2025-11-30. Refrain from using this package or pin to Setuptools<81.
  import pkg_resources
Using a slow image processor as `use_fast` is unset and a slow processor was saved with this model. `use_fast=True` will be the default behavior in v4.52, even if the model was saved with a slow processor. This will result in minor differences in outputs. You'll still be able to use a slow processor with `use_fast=False`.
`torch_dtype` is deprecated! Use `dtype` instead!
Loading checkpoint shards:   0%|          | 0/5 [00:00<?, ?it/s]Loading checkpoint shards:  20%|██        | 1/5 [00:00<00:00,  4.77it/s]Loading checkpoint shards:  60%|██████    | 3/5 [00:00<00:00,  9.32it/s]Loading checkpoint shards: 100%|██████████| 5/5 [00:00<00:00, 11.36it/s]Loading checkpoint shards: 100%|██████████| 5/5 [00:00<00:00, 10.15it/s]
Gym has been unmaintained since 2022 and does not support NumPy 2.0 amongst other critical functionality.
Please upgrade to Gymnasium, the maintained drop-in replacement of Gym, or contact the authors of your software and request that they upgrade.
See the migration guide at https://gymnasium.farama.org/introduction/migration_guide/ for additional information.
/data/users/zhouyike/dexCG/third_party/dexart/stable_baselines3/common/save_util.py:166: UserWarning: Could not deserialize object lr_schedule. Consider using `custom_objects` argument to replace this object.
  warnings.warn(
/data/users/zhouyike/dexCG/third_party/dexart/stable_baselines3/common/save_util.py:166: UserWarning: Could not deserialize object clip_range. Consider using `custom_objects` argument to replace this object.
  warnings.warn(
The following generation flags are not valid and may be ignored: ['top_p', 'top_k']. Set `TRANSFORMERS_VERBOSITY=info` for more details.
[FaucetEnv] change_instance_when_reset=True
Wrapping the env with a `Monitor` wrapper
Wrapping the env in a DummyVecEnv.
extractor use state = True
PointNetSmall
ACCEPT faucet total=1/250 object=148 count=1/22 attempt=1
sys:1: DeprecationWarning: Call to deprecated function (or staticmethod) _destroy.
/data/users/zhouyike/dexCG/.venv/lib/python3.11/site-packages/sapien/core/renderer_config.py:4: UserWarning: pkg_resources is deprecated as an API. See https://setuptools.pypa.io/en/latest/pkg_resources.html. The pkg_resources package is slated for removal as early as 2025-11-30. Refrain from using this package or pin to Setuptools<81.
  import pkg_resources
Using a slow image processor as `use_fast` is unset and a slow processor was saved with this model. `use_fast=True` will be the default behavior in v4.52, even if the model was saved with a slow processor. This will result in minor differences in outputs. You'll still be able to use a slow processor with `use_fast=False`.
`torch_dtype` is deprecated! Use `dtype` instead!
Loading checkpoint shards:   0%|          | 0/5 [00:00<?, ?it/s]Loading checkpoint shards: 100%|██████████| 5/5 [00:00<00:00, 48.35it/s]Loading checkpoint shards: 100%|██████████| 5/5 [00:00<00:00, 48.23it/s]
Gym has been unmaintained since 2022 and does not support NumPy 2.0 amongst other critical functionality.
Please upgrade to Gymnasium, the maintained drop-in replacement of Gym, or contact the authors of your software and request that they upgrade.
See the migration guide at https://gymnasium.farama.org/introduction/migration_guide/ for additional information.
/data/users/zhouyike/dexCG/third_party/dexart/stable_baselines3/common/save_util.py:166: UserWarning: Could not deserialize object lr_schedule. Consider using `custom_objects` argument to replace this object.
  warnings.warn(
/data/users/zhouyike/dexCG/third_party/dexart/stable_baselines3/common/save_util.py:166: UserWarning: Could not deserialize object clip_range. Consider using `custom_objects` argument to replace this object.
  warnings.warn(
The following generation flags are not valid and may be ignored: ['top_p', 'top_k']. Set `TRANSFORMERS_VERBOSITY=info` for more details.
[FaucetEnv] change_instance_when_reset=True
Wrapping the env with a `Monitor` wrapper
Wrapping the env in a DummyVecEnv.
extractor use state = True
PointNetSmall
ACCEPT faucet total=2/250 object=148 count=2/22 attempt=2
ACCEPT faucet total=3/250 object=148 count=3/22 attempt=6
ACCEPT faucet total=4/250 object=148 count=4/22 attempt=7
ACCEPT faucet total=5/250 object=148 count=5/22 attempt=9
ACCEPT faucet total=6/250 object=148 count=6/22 attempt=12
ACCEPT faucet total=7/250 object=148 count=7/22 attempt=14
ACCEPT faucet total=8/250 object=148 count=8/22 attempt=16
ACCEPT faucet total=9/250 object=148 count=9/22 attempt=17
ACCEPT faucet total=10/250 object=148 count=10/22 attempt=18
ACCEPT faucet total=11/250 object=148 count=11/22 attempt=19
ACCEPT faucet total=12/250 object=148 count=12/22 attempt=22
ACCEPT faucet total=13/250 object=148 count=13/22 attempt=24
ACCEPT faucet total=14/250 object=148 count=14/22 attempt=25
ACCEPT faucet total=15/250 object=148 count=15/22 attempt=27
ACCEPT faucet total=16/250 object=148 count=16/22 attempt=28
ACCEPT faucet total=17/250 object=148 count=17/22 attempt=30
ACCEPT faucet total=18/250 object=148 count=18/22 attempt=35
ACCEPT faucet total=19/250 object=148 count=19/22 attempt=37
ACCEPT faucet total=20/250 object=148 count=20/22 attempt=40
ACCEPT faucet total=21/250 object=148 count=21/22 attempt=42
ACCEPT faucet total=22/250 object=148 count=22/22 attempt=45
[2026-09-16 11:34:17.671] [svulkan2] [warning] A second renderer will share the same internal context with the first one. Arguments passed to constructor will be ignored.
[FaucetEnv] change_instance_when_reset=True
ACCEPT faucet total=23/250 object=693 count=1/23 attempt=4
ACCEPT faucet total=24/250 object=693 count=2/23 attempt=5
ACCEPT faucet total=25/250 object=693 count=3/23 attempt=7
ACCEPT faucet total=26/250 object=693 count=4/23 attempt=11
ACCEPT faucet total=27/250 object=693 count=5/23 attempt=13
ACCEPT faucet total=28/250 object=693 count=6/23 attempt=18
ACCEPT faucet total=29/250 object=693 count=7/23 attempt=19
ACCEPT faucet total=30/250 object=693 count=8/23 attempt=22
ACCEPT faucet total=31/250 object=693 count=9/23 attempt=23
ACCEPT faucet total=32/250 object=693 count=10/23 attempt=24
ACCEPT faucet total=33/250 object=693 count=11/23 attempt=27
ACCEPT faucet total=34/250 object=693 count=12/23 attempt=28
ACCEPT faucet total=35/250 object=693 count=13/23 attempt=29
ACCEPT faucet total=36/250 object=693 count=14/23 attempt=31
ACCEPT faucet total=37/250 object=693 count=15/23 attempt=32
ACCEPT faucet total=38/250 object=693 count=16/23 attempt=34
ACCEPT faucet total=39/250 object=693 count=17/23 attempt=35
ACCEPT faucet total=40/250 object=693 count=18/23 attempt=37
ACCEPT faucet total=41/250 object=693 count=19/23 attempt=38
ACCEPT faucet total=42/250 object=693 count=20/23 attempt=41
ACCEPT faucet total=43/250 object=693 count=21/23 attempt=46
ACCEPT faucet total=44/250 object=693 count=22/23 attempt=47
ACCEPT faucet total=45/250 object=693 count=23/23 attempt=48
[2026-09-16 11:47:42.242] [svulkan2] [warning] A second renderer will share the same internal context with the first one. Arguments passed to constructor will be ignored.
[FaucetEnv] change_instance_when_reset=True
ACCEPT faucet total=46/250 object=822 count=1/23 attempt=4
ACCEPT faucet total=47/250 object=822 count=2/23 attempt=5
ACCEPT faucet total=48/250 object=822 count=3/23 attempt=7
ACCEPT faucet total=49/250 object=822 count=4/23 attempt=12
ACCEPT faucet total=50/250 object=822 count=5/23 attempt=15
ACCEPT faucet total=51/250 object=822 count=6/23 attempt=17
ACCEPT faucet total=52/250 object=822 count=7/23 attempt=19
ACCEPT faucet total=53/250 object=822 count=8/23 attempt=20
ACCEPT faucet total=54/250 object=822 count=9/23 attempt=21
ACCEPT faucet total=55/250 object=822 count=10/23 attempt=22
ACCEPT faucet total=56/250 object=822 count=11/23 attempt=23
ACCEPT faucet total=57/250 object=822 count=12/23 attempt=24
ACCEPT faucet total=58/250 object=822 count=13/23 attempt=25
ACCEPT faucet total=59/250 object=822 count=14/23 attempt=27
ACCEPT faucet total=60/250 object=822 count=15/23 attempt=28
ACCEPT faucet total=61/250 object=822 count=16/23 attempt=29
ACCEPT faucet total=62/250 object=822 count=17/23 attempt=30
ACCEPT faucet total=63/250 object=822 count=18/23 attempt=31
ACCEPT faucet total=64/250 object=822 count=19/23 attempt=32
ACCEPT faucet total=65/250 object=822 count=20/23 attempt=33
ACCEPT faucet total=66/250 object=822 count=21/23 attempt=36
ACCEPT faucet total=67/250 object=822 count=22/23 attempt=37
ACCEPT faucet total=68/250 object=822 count=23/23 attempt=38
[2026-09-16 11:52:13.737] [svulkan2] [warning] A second renderer will share the same internal context with the first one. Arguments passed to constructor will be ignored.
[FaucetEnv] change_instance_when_reset=True
ACCEPT faucet total=69/250 object=857 count=1/22 attempt=1
ACCEPT faucet total=70/250 object=857 count=2/22 attempt=4
ACCEPT faucet total=71/250 object=857 count=3/22 attempt=7
ACCEPT faucet total=72/250 object=857 count=4/22 attempt=8
ACCEPT faucet total=73/250 object=857 count=5/22 attempt=12
ACCEPT faucet total=74/250 object=857 count=6/22 attempt=13
ACCEPT faucet total=75/250 object=857 count=7/22 attempt=14
ACCEPT faucet total=76/250 object=857 count=8/22 attempt=16
ACCEPT faucet total=77/250 object=857 count=9/22 attempt=18
ACCEPT faucet total=78/250 object=857 count=10/22 attempt=22
ACCEPT faucet total=79/250 object=857 count=11/22 attempt=24
ACCEPT faucet total=80/250 object=857 count=12/22 attempt=25
ACCEPT faucet total=81/250 object=857 count=13/22 attempt=28
ACCEPT faucet total=82/250 object=857 count=14/22 attempt=29
ACCEPT faucet total=83/250 object=857 count=15/22 attempt=30
ACCEPT faucet total=84/250 object=857 count=16/22 attempt=32
ACCEPT faucet total=85/250 object=857 count=17/22 attempt=33
ACCEPT faucet total=86/250 object=857 count=18/22 attempt=34
ACCEPT faucet total=87/250 object=857 count=19/22 attempt=37
ACCEPT faucet total=88/250 object=857 count=20/22 attempt=38
ACCEPT faucet total=89/250 object=857 count=21/22 attempt=42
ACCEPT faucet total=90/250 object=857 count=22/22 attempt=44
[2026-09-16 11:58:21.317] [svulkan2] [warning] A second renderer will share the same internal context with the first one. Arguments passed to constructor will be ignored.
[FaucetEnv] change_instance_when_reset=True
ACCEPT faucet total=91/250 object=991 count=1/23 attempt=1
ACCEPT faucet total=92/250 object=991 count=2/23 attempt=2
ACCEPT faucet total=93/250 object=991 count=3/23 attempt=3
ACCEPT faucet total=94/250 object=991 count=4/23 attempt=4
ACCEPT faucet total=95/250 object=991 count=5/23 attempt=5
ACCEPT faucet total=96/250 object=991 count=6/23 attempt=6
ACCEPT faucet total=97/250 object=991 count=7/23 attempt=8
ACCEPT faucet total=98/250 object=991 count=8/23 attempt=12
ACCEPT faucet total=99/250 object=991 count=9/23 attempt=13
ACCEPT faucet total=100/250 object=991 count=10/23 attempt=14
ACCEPT faucet total=101/250 object=991 count=11/23 attempt=15
ACCEPT faucet total=102/250 object=991 count=12/23 attempt=16
ACCEPT faucet total=103/250 object=991 count=13/23 attempt=17
ACCEPT faucet total=104/250 object=991 count=14/23 attempt=20
ACCEPT faucet total=105/250 object=991 count=15/23 attempt=24
ACCEPT faucet total=106/250 object=991 count=16/23 attempt=25
ACCEPT faucet total=107/250 object=991 count=17/23 attempt=29
ACCEPT faucet total=108/250 object=991 count=18/23 attempt=30
ACCEPT faucet total=109/250 object=991 count=19/23 attempt=31
ACCEPT faucet total=110/250 object=991 count=20/23 attempt=33
ACCEPT faucet total=111/250 object=991 count=21/23 attempt=37
ACCEPT faucet total=112/250 object=991 count=22/23 attempt=38
ACCEPT faucet total=113/250 object=991 count=23/23 attempt=39
[2026-09-16 12:02:38.938] [svulkan2] [warning] A second renderer will share the same internal context with the first one. Arguments passed to constructor will be ignored.
[FaucetEnv] change_instance_when_reset=True
ACCEPT faucet total=114/250 object=1011 count=1/22 attempt=2
ACCEPT faucet total=115/250 object=1011 count=2/22 attempt=3
ACCEPT faucet total=116/250 object=1011 count=3/22 attempt=4
ACCEPT faucet total=117/250 object=1011 count=4/22 attempt=8
ACCEPT faucet total=118/250 object=1011 count=5/22 attempt=9
ACCEPT faucet total=119/250 object=1011 count=6/22 attempt=12
ACCEPT faucet total=120/250 object=1011 count=7/22 attempt=13
ACCEPT faucet total=121/250 object=1011 count=8/22 attempt=15
ACCEPT faucet total=122/250 object=1011 count=9/22 attempt=17
ACCEPT faucet total=123/250 object=1011 count=10/22 attempt=20
ACCEPT faucet total=124/250 object=1011 count=11/22 attempt=21
ACCEPT faucet total=125/250 object=1011 count=12/22 attempt=23
ACCEPT faucet total=126/250 object=1011 count=13/22 attempt=26
ACCEPT faucet total=127/250 object=1011 count=14/22 attempt=28
ACCEPT faucet total=128/250 object=1011 count=15/22 attempt=29
ACCEPT faucet total=129/250 object=1011 count=16/22 attempt=31
ACCEPT faucet total=130/250 object=1011 count=17/22 attempt=32
ACCEPT faucet total=131/250 object=1011 count=18/22 attempt=33
ACCEPT faucet total=132/250 object=1011 count=19/22 attempt=34
ACCEPT faucet total=133/250 object=1011 count=20/22 attempt=35
ACCEPT faucet total=134/250 object=1011 count=21/22 attempt=36
ACCEPT faucet total=135/250 object=1011 count=22/22 attempt=37
[2026-09-16 12:06:55.137] [svulkan2] [warning] A second renderer will share the same internal context with the first one. Arguments passed to constructor will be ignored.
[FaucetEnv] change_instance_when_reset=True
ACCEPT faucet total=136/250 object=1053 count=1/23 attempt=3
ACCEPT faucet total=137/250 object=1053 count=2/23 attempt=4
ACCEPT faucet total=138/250 object=1053 count=3/23 attempt=5
ACCEPT faucet total=139/250 object=1053 count=4/23 attempt=6
ACCEPT faucet total=140/250 object=1053 count=5/23 attempt=7
ACCEPT faucet total=141/250 object=1053 count=6/23 attempt=8
ACCEPT faucet total=142/250 object=1053 count=7/23 attempt=9
ACCEPT faucet total=143/250 object=1053 count=8/23 attempt=10
ACCEPT faucet total=144/250 object=1053 count=9/23 attempt=16
ACCEPT faucet total=145/250 object=1053 count=10/23 attempt=17
ACCEPT faucet total=146/250 object=1053 count=11/23 attempt=21
ACCEPT faucet total=147/250 object=1053 count=12/23 attempt=24
ACCEPT faucet total=148/250 object=1053 count=13/23 attempt=25
ACCEPT faucet total=149/250 object=1053 count=14/23 attempt=27
ACCEPT faucet total=150/250 object=1053 count=15/23 attempt=28
ACCEPT faucet total=151/250 object=1053 count=16/23 attempt=30
ACCEPT faucet total=152/250 object=1053 count=17/23 attempt=35
ACCEPT faucet total=153/250 object=1053 count=18/23 attempt=37
ACCEPT faucet total=154/250 object=1053 count=19/23 attempt=38
ACCEPT faucet total=155/250 object=1053 count=20/23 attempt=40
ACCEPT faucet total=156/250 object=1053 count=21/23 attempt=41
ACCEPT faucet total=157/250 object=1053 count=22/23 attempt=42
ACCEPT faucet total=158/250 object=1053 count=23/23 attempt=43
[2026-09-16 12:11:31.206] [svulkan2] [warning] A second renderer will share the same internal context with the first one. Arguments passed to constructor will be ignored.
[FaucetEnv] change_instance_when_reset=True
ACCEPT faucet total=159/250 object=1288 count=1/23 attempt=1
ACCEPT faucet total=160/250 object=1288 count=2/23 attempt=3
ACCEPT faucet total=161/250 object=1288 count=3/23 attempt=4
ACCEPT faucet total=162/250 object=1288 count=4/23 attempt=8
ACCEPT faucet total=163/250 object=1288 count=5/23 attempt=9
ACCEPT faucet total=164/250 object=1288 count=6/23 attempt=15
ACCEPT faucet total=165/250 object=1288 count=7/23 attempt=16
ACCEPT faucet total=166/250 object=1288 count=8/23 attempt=17
ACCEPT faucet total=167/250 object=1288 count=9/23 attempt=18
ACCEPT faucet total=168/250 object=1288 count=10/23 attempt=19
ACCEPT faucet total=169/250 object=1288 count=11/23 attempt=20
ACCEPT faucet total=170/250 object=1288 count=12/23 attempt=21
ACCEPT faucet total=171/250 object=1288 count=13/23 attempt=22
ACCEPT faucet total=172/250 object=1288 count=14/23 attempt=23
ACCEPT faucet total=173/250 object=1288 count=15/23 attempt=24
ACCEPT faucet total=174/250 object=1288 count=16/23 attempt=31
ACCEPT faucet total=175/250 object=1288 count=17/23 attempt=32
ACCEPT faucet total=176/250 object=1288 count=18/23 attempt=33
ACCEPT faucet total=177/250 object=1288 count=19/23 attempt=34
ACCEPT faucet total=178/250 object=1288 count=20/23 attempt=35
ACCEPT faucet total=179/250 object=1288 count=21/23 attempt=37
ACCEPT faucet total=180/250 object=1288 count=22/23 attempt=38
ACCEPT faucet total=181/250 object=1288 count=23/23 attempt=39
[2026-09-16 12:19:54.507] [svulkan2] [warning] A second renderer will share the same internal context with the first one. Arguments passed to constructor will be ignored.
[FaucetEnv] change_instance_when_reset=True
ACCEPT faucet total=182/250 object=1343 count=1/23 attempt=2
ACCEPT faucet total=183/250 object=1343 count=2/23 attempt=3
ACCEPT faucet total=184/250 object=1343 count=3/23 attempt=5
ACCEPT faucet total=185/250 object=1343 count=4/23 attempt=8
ACCEPT faucet total=186/250 object=1343 count=5/23 attempt=9
ACCEPT faucet total=187/250 object=1343 count=6/23 attempt=12
ACCEPT faucet total=188/250 object=1343 count=7/23 attempt=17
ACCEPT faucet total=189/250 object=1343 count=8/23 attempt=20
ACCEPT faucet total=190/250 object=1343 count=9/23 attempt=24
ACCEPT faucet total=191/250 object=1343 count=10/23 attempt=27
ACCEPT faucet total=192/250 object=1343 count=11/23 attempt=28
ACCEPT faucet total=193/250 object=1343 count=12/23 attempt=36
ACCEPT faucet total=194/250 object=1343 count=13/23 attempt=37
ACCEPT faucet total=195/250 object=1343 count=14/23 attempt=38
ACCEPT faucet total=196/250 object=1343 count=15/23 attempt=42
ACCEPT faucet total=197/250 object=1343 count=16/23 attempt=44
ACCEPT faucet total=198/250 object=1343 count=17/23 attempt=47
ACCEPT faucet total=199/250 object=1343 count=18/23 attempt=49
ACCEPT faucet total=200/250 object=1343 count=19/23 attempt=51
ACCEPT faucet total=201/250 object=1343 count=20/23 attempt=54
ACCEPT faucet total=202/250 object=1343 count=21/23 attempt=56
ACCEPT faucet total=203/250 object=1343 count=22/23 attempt=57
ACCEPT faucet total=204/250 object=1343 count=23/23 attempt=59
[2026-09-16 12:26:44.549] [svulkan2] [warning] A second renderer will share the same internal context with the first one. Arguments passed to constructor will be ignored.
[FaucetEnv] change_instance_when_reset=True
ACCEPT faucet total=205/250 object=1370 count=1/23 attempt=1
ACCEPT faucet total=206/250 object=1370 count=2/23 attempt=4
ACCEPT faucet total=207/250 object=1370 count=3/23 attempt=5
ACCEPT faucet total=208/250 object=1370 count=4/23 attempt=6
ACCEPT faucet total=209/250 object=1370 count=5/23 attempt=8
ACCEPT faucet total=210/250 object=1370 count=6/23 attempt=10
ACCEPT faucet total=211/250 object=1370 count=7/23 attempt=11
ACCEPT faucet total=212/250 object=1370 count=8/23 attempt=16
ACCEPT faucet total=213/250 object=1370 count=9/23 attempt=17
ACCEPT faucet total=214/250 object=1370 count=10/23 attempt=21
ACCEPT faucet total=215/250 object=1370 count=11/23 attempt=22
ACCEPT faucet total=216/250 object=1370 count=12/23 attempt=23
ACCEPT faucet total=217/250 object=1370 count=13/23 attempt=24
ACCEPT faucet total=218/250 object=1370 count=14/23 attempt=25
ACCEPT faucet total=219/250 object=1370 count=15/23 attempt=26
ACCEPT faucet total=220/250 object=1370 count=16/23 attempt=27
ACCEPT faucet total=221/250 object=1370 count=17/23 attempt=28
ACCEPT faucet total=222/250 object=1370 count=18/23 attempt=31
ACCEPT faucet total=223/250 object=1370 count=19/23 attempt=32
ACCEPT faucet total=224/250 object=1370 count=20/23 attempt=34
ACCEPT faucet total=225/250 object=1370 count=21/23 attempt=36
ACCEPT faucet total=226/250 object=1370 count=22/23 attempt=37
ACCEPT faucet total=227/250 object=1370 count=23/23 attempt=38
[2026-09-16 12:32:53.107] [svulkan2] [warning] A second renderer will share the same internal context with the first one. Arguments passed to constructor will be ignored.
[FaucetEnv] change_instance_when_reset=True
ACCEPT faucet total=228/250 object=1466 count=1/23 attempt=1
ACCEPT faucet total=229/250 object=1466 count=2/23 attempt=5
ACCEPT faucet total=230/250 object=1466 count=3/23 attempt=6
ACCEPT faucet total=231/250 object=1466 count=4/23 attempt=8
ACCEPT faucet total=232/250 object=1466 count=5/23 attempt=9
ACCEPT faucet total=233/250 object=1466 count=6/23 attempt=10
ACCEPT faucet total=234/250 object=1466 count=7/23 attempt=11
invalid observation faucet/1466: No finite visible target-object pixels
ACCEPT faucet total=235/250 object=1466 count=8/23 attempt=15
ACCEPT faucet total=236/250 object=1466 count=9/23 attempt=17
ACCEPT faucet total=237/250 object=1466 count=10/23 attempt=20
ACCEPT faucet total=238/250 object=1466 count=11/23 attempt=22
ACCEPT faucet total=239/250 object=1466 count=12/23 attempt=23
ACCEPT faucet total=240/250 object=1466 count=13/23 attempt=25
ACCEPT faucet total=241/250 object=1466 count=14/23 attempt=28
ACCEPT faucet total=242/250 object=1466 count=15/23 attempt=29
ACCEPT faucet total=243/250 object=1466 count=16/23 attempt=32
invalid observation faucet/1466: No finite visible target-object pixels
ACCEPT faucet total=244/250 object=1466 count=17/23 attempt=34
ACCEPT faucet total=245/250 object=1466 count=18/23 attempt=35
ACCEPT faucet total=246/250 object=1466 count=19/23 attempt=38
ACCEPT faucet total=247/250 object=1466 count=20/23 attempt=40
ACCEPT faucet total=248/250 object=1466 count=21/23 attempt=43
ACCEPT faucet total=249/250 object=1466 count=22/23 attempt=44
ACCEPT faucet total=250/250 object=1466 count=23/23 attempt=45
sys:1: DeprecationWarning: Call to deprecated function (or staticmethod) _destroy.
